// Jest Snapshot v1, https://goo.gl/fbAQLP

exports[`Index renders correctly 1`] = `
Array [
  <h1>
    <a
      href="/"
    >
      Website Title
    </a>
  </h1>,
  <nav>
    <ul>
      <li>
        <a
          href="/about"
        >
          About
        </a>
      </li>
      <li>
        <a
          href="/contact"
        >
          Contact
        </a>
      </li>
    </ul>
  </nav>,
  <h2>
    This is the homepage
  </h2>,
  <p>
    You're good to go. Start adding content.
  </p>,
  <footer>
    <p>
      <a
        href="/privacy"
        title="privacy policy"
      >
        Privacy policy
      </a>
    </p>
  </footer>,
]
`;
