// Jest Snapshot v1, https://goo.gl/fbAQLP

exports[`Contact renders correctly 1`] = `
<nav>
  <ul>
    <li>
      <a
        href="/about"
      >
        About
      </a>
    </li>
    <li>
      <a
        href="/contact"
      >
        Contact
      </a>
    </li>
  </ul>
</nav>
`;
